// Jest Snapshot v1, https://goo.gl/fbAQLP

exports[`renders the PlayerMapWrapper element 1`] = `
<ContextProvider
  value={
    Object {
      "mapColor": "#0000ff",
      "opacity": 1,
      "setHeight": [Function],
      "setMapColor": [Function],
      "setOpacity": [Function],
      "setWidth": [Function],
    }
  }
>
  <div
    id="player-map-wrapper"
  >
    <PlayerMapControls />
  </div>
</ContextProvider>
`;
